// Jest Snapshot v1, https://goo.gl/fbAQLP

exports[`PlayButton should be rendered. 1`] = `
<button
  className="btn btn-lg btn-primary btn-play"
  disabled={false}
  onClick={[Function]}
  type="button"
>
  test
</button>
`;
